../Core/Src/main.c:94:5:__io_putchar	16	static
../Core/Src/main.c:112:6:HAL_UART_RxCpltCallback	24	static,ignoring_inline_asm
../Core/Src/main.c:125:5:fonction	32	static
../Core/Src/main.c:135:6:init_shell	32	static
../Core/Src/main.c:148:6:Task_control_Led	16	static
../Core/Src/main.c:159:6:Task_Chenillard	16	static
../Core/Src/main.c:170:6:task_read_CHIP_ID	40	static
../Core/Src/main.c:188:6:sgtl5000Init	16	static
../Core/Src/main.c:204:6:HAL_SAI_TxHalfCpltCallback	24	static
../Core/Src/main.c:232:6:HAL_SAI_TxCpltCallback	24	static
../Core/Src/main.c:265:6:generateTriangleWave	8	static
../Core/Src/main.c:284:5:main	8	static
../Core/Src/main.c:405:6:SystemClock_Config	96	static
../Core/Src/main.c:454:6:PeriphCommonClock_Config	144	static
../Core/Src/main.c:487:6:HAL_TIM_PeriodElapsedCallback	16	static
../Core/Src/main.c:504:6:Error_Handler	4	static,ignoring_inline_asm
